#--------------------------------------------------- // Compilation for git
build-essential
git
ninja-build
meson
libcairo2-dev
libpango1.0-dev
jq
make
wayland-protocols
libwayland-dev
libdrm-dev
libxkbcommon-dev
libudev-dev
libseat-dev
libzip-dev
librsvg2-dev
libtomlplusplus-dev
libinput-dev
xwayland
imagemagick
swaylock
curl
waybar
libpixman-1-dev
libgbm-dev
libdisplay-info-dev
libpugixml-dev
golang-gir-gio-2.0-dev
libxcb-composite0-dev
libxcb-errors-dev
libxcb-render-util0-dev
libxcb-icccm4-dev
libgl1-mesa-dev
xdg-desktop-portal-hyprland
swappy
wl-clipboard
cliphist
libpam0g-dev
parallel

#--------------------------------------------------- // System
pipewire
pipewire-alsa
pipewire-audio
pipewire-jack
pipewire-pulse
gst-plugin-pipewire
wireplumber
pavucontrol
pamixer
networkmanager
network-manager-gnome
bluez
bluez-utils
blueman
brightnessctl
udiskie

#--------------------------------------------------- // Display Manager
sddm
qml-module-qtquick-controls
qml-module-qtquick-controls2
qml-module-qtquick-graphicaleffects
