#--------------------------------------------------- // Compilation for git
build-essential
git
ninja-build
meson
libcairo2-dev
libpango1.0-dev
jq
make
cmake
wayland-protocols
libwayland-dev
libdrm-dev
libxkbcommon-dev
libudev-dev
libseat-dev
libzip-dev
librsvg2-dev
libtomlplusplus-dev
libinput-dev
xwayland
libxcursor-dev
imagemagick
hwdata
curl
liblz4-dev
libpixman-1-dev
libgbm-dev
libdisplay-info-dev
libpugixml-dev
golang-gir-gio-2.0-dev
libxcb-composite0-dev
libxcb-errors-dev
libxcb-render-util0-dev
libxcb-res0-dev
libxcb-icccm4-dev
libxcb-util-dev
libxcb-xkb-dev
libxcb-ewmh-dev
libxcb-randr0-dev
libxcb-cursor-dev
libxcb-xinerama0-dev
libstartup-notification0-dev
libmpdclient-dev
libnl-3-dev
libasound2-dev
libxkbcommon-x11-dev
libgl1-mesa-dev
xdg-desktop-portal-hyprland
libpam0g-dev
parallel
flex
bison
firmware-iwlwifi
playerctl
libplayerctl-dev
pipx
lm-sensors
tlp
scdoc

#--------------------------------------------------- // System
pipewire
pipewire-alsa
pipewire-audio
pipewire-jack
pipewire-pulse
gstreamer1.0-pipewire
wireplumber
pavucontrol
pamixer
network-manager
network-manager-gnome
bluez
bluez-tools
blueman
brightnessctl
udiskie
dunst
waybar
wlogout
slurp
grim
swappy
cliphist
wl-clipboard

#--------------------------------------------------- // Display Manager
#sddm installed in install_sddm
qml-module-qtquick-controls
qml-module-qtquick-controls2
qml-module-qtgraphicaleffects

#--------------------------------------------------- // Dependencies
policykit-1-gnome
qt5-image-formats-plugins
ffmpegthumbs
kde-cli-tools
libnotify*

#--------------------------------------------------- // Theming
nwg-look
qt5ct
qt6ct
qt5-style-kvantum
#kvantum qt6 doesn't exist rn
qtwayland5
qt6-wayland

#---------------- ----------------------------------- // Applications
firefox
alacritty
dolphin
ark
neovim

#--------------------------------------------------- // Shell
eza
fastfetch
# pokemon-colorscripts-git, I'm lazy to do it

#--------------------------------------------------- // HyDE
# hyde-cli-git (install with git)
