Y|Font_CascadiaCove|$HOME/.local/share/fonts
Y|Font_MaterialDesign|$HOME/.local/share/fonts
Y|Font_JetBrainsMono|$HOME/.local/share/fonts
Y|Font_MapleNerd|$HOME/.local/share/fonts
Y|Font_MononokiNerd|$HOME/.local/share/fonts
Y|Font_NotoSansCJK|/usr/share/fonts
Y|Gtk_CatppuccinMocha|/usr/share/themes
Y|Gtk_CatppuccinMocha|$HOME/.themes
Y|Gtk_CatppuccinLatte|/usr/share/themes
Y|Gtk_CatppuccinLatte|$HOME/.themes
Y|Gtk_DecayGreen|/usr/share/themes
Y|Gtk_DecayGreen|$HOME/.themes
Y|Gtk_FrostedGlass|/usr/share/themes
Y|Gtk_FrostedGlass|$HOME/.themes
Y|Gtk_GruvboxRetro|/usr/share/themes
Y|Gtk_GruvboxRetro|$HOME/.themes
Y|Gtk_RosePine|/usr/share/themes
Y|Gtk_RosePine|$HOME/.themes
Y|Gtk_TokyoNight|/usr/share/themes
Y|Gtk_TokyoNight|$HOME/.themes
Y|Gtk_MaterialSakura|/usr/share/themes
Y|Gtk_MaterialSakura|$HOME/.themes
Y|Gtk_GraphiteMono|/usr/share/themes
Y|Gtk_GraphiteMono|$HOME/.themes
Y|Gtk_CyberpunkEdge|/usr/share/themes
Y|Gtk_CyberpunkEdge|$HOME/.themes
Y|Gtk_SunriseDark|/usr/share/themes
Y|Gtk_SunriseDark|$HOME/.themes
Y|Gtk_WhiteSur|/usr/share/themes
Y|Gtk_WhiteSur|$HOME/.themes
Y|Gtk_WhiteSurDark|/usr/share/themes
Y|Gtk_WhiteSurDark|$HOME/.themes
Y|Icon_TelaBlack|/usr/share/icons
Y|Icon_TelaBlack|$HOME/.icons
Y|Icon_TelaDracula|/usr/share/icons
Y|Icon_TelaDracula|$HOME/.icons
Y|Icon_TelaGreen|/usr/share/icons
Y|Icon_TelaGreen|$HOME/.icons
Y|Icon_TelaGrey|/usr/share/icons
Y|Icon_TelaGrey|$HOME/.icons
Y|Icon_TelaPink|/usr/share/icons
Y|Icon_TelaPink|$HOME/.icons
Y|Icon_TelaPurple|/usr/share/icons
Y|Icon_TelaPurple|$HOME/.icons
Y|Icon_TelaYellow|/usr/share/icons
Y|Icon_TelaYellow|$HOME/.icons
Y|Icon_TelaBlue|/usr/share/icons
Y|Icon_TelaBlue|$HOME/.icons
Y|Icon_Gruvbox|/usr/share/icons
Y|Icon_Gruvbox|$HOME/.icons
Y|Icon_Candy|/usr/share/icons
Y|Icon_Candy|$HOME/.icons
Y|Icon_WhiteSur|/usr/share/icons
Y|Icon_WhiteSur|$HOME/.icons
Y|Cursor_Gruvbox|/usr/share/icons
Y|Cursor_Gruvbox|$HOME/.icons
Y|Cursor_BibataIce|/usr/share/icons
Y|Cursor_BibataIce|$HOME/.icons
N|Code_Extensions|$HOME/.vscode
