N|Y|${HOME}|.zshrc .p10k.zsh|zsh oh-my-zsh-git zsh-theme-powerlevel10k pokemon-colorscripts-git
Y|Y|${HOME}/.config/Code/User|settings.json|visual-studio-code-bin
Y|Y|${HOME}/.config|dunst|dunst
Y|Y|${HOME}/.config|fish|fish
Y|Y|${HOME}/.config/hypr|animations.conf hyprland.conf windowrules.conf themes|hyprland
N|Y|${HOME}/.config/hypr|keybindings.conf monitors.conf userprefs.conf|hyprland
N|Y|${HOME}/.config/hypr|nvidia.conf|hyprland nvidia-utils
Y|Y|${HOME}/.config/hyprdots|theme.ctl scripts wallbash|hyprland
Y|Y|${HOME}/.config|kitty|kitty
Y|Y|${HOME}/.config|Kvantum|kvantum
Y|Y|${HOME}/.config|lsd|lsd
Y|Y|${HOME}/.config|MangoHud|mangohud
Y|Y|${HOME}/.config|neofetch|neofetch
Y|Y|${HOME}/.config|qt5ct|qt5ct
Y|Y|${HOME}/.config|qt6ct|qt6ct
Y|Y|${HOME}/.config|rofi|rofi
Y|Y|${HOME}/.config|swaylock|swaylock-effects
Y|N|${HOME}/.config|swww|swww
Y|Y|${HOME}/.config|waybar|waybar
Y|Y|${HOME}/.config|wlogout|wlogout
Y|Y|${HOME}/.config|xsettingsd nwg-look gtk-3.0|nwg-look
Y|Y|${HOME}/.icons|default|nwg-look
Y|Y|${HOME}|.gtkrc-2.0|nwg-look
Y|Y|${HOME}/.config|dolphinrc kdeglobals|dolphin
Y|Y|${HOME}/.local/share|dolphin|dolphin
Y|Y|${HOME}/.local/share/kxmlgui5|dolphin|dolphin
